<html>
<body>
<pre>
<h1>µVision Build Log</h1>
<h2>Tool Versions:</h2>
IDE-Version: ¦ÌVision V5.14.0.0
Copyright (C) 2015 ARM Ltd and ARM Germany GmbH. All rights reserved.
License Information: KEVIN KEVIN, KEVIN, LIC=8MZJJ-UU2GK-06YQU-SYV1E-83HT0-V7MNB
 
Tool Versions:
Toolchain:       MDK-ARM Professional  Version: 5.14.0.0
Toolchain Path:  D:\Keil_v5\ARM\ARMCC\Bin
C Compiler:      Armcc.exe V5.05 update 1 (build 106)
Assembler:       Armasm.exe V5.05 update 1 (build 106)
Linker/Locator:  ArmLink.exe V5.05 update 1 (build 106)
Library Manager: ArmAr.exe V5.05 update 1 (build 106)
Hex Converter:   FromElf.exe V5.05 update 1 (build 106)
CPU DLL:         SARMCM3.DLL V5.14.0.0
Dialog DLL:      DCM.DLL V1.13.1.0
Target DLL:      CMSIS_AGDI.dll V1.21.0.0
Dialog DLL:      TCM.DLL V1.14.4.0
 
<h2>Project:</h2>
D:\SMT32_MiniDevelop\V01_HW_I2C\STM32_mini.uvprojx
Project File Date:  05/28/2019

<h2>Output:</h2>
Rebuild target 'Target 1'
compiling misc.c...
compiling stm32f10x_adc.c...
compiling stm32f10x_bkp.c...
compiling stm32f10x_can.c...
compiling stm32f10x_cec.c...
compiling stm32f10x_crc.c...
compiling stm32f10x_dac.c...
compiling stm32f10x_dbgmcu.c...
compiling stm32f10x_dma.c...
compiling stm32f10x_exti.c...
compiling stm32f10x_flash.c...
compiling stm32f10x_fsmc.c...
compiling stm32f10x_gpio.c...
compiling stm32f10x_i2c.c...
compiling stm32f10x_iwdg.c...
compiling stm32f10x_pwr.c...
compiling stm32f10x_rcc.c...
compiling stm32f10x_rtc.c...
compiling stm32f10x_sdio.c...
compiling stm32f10x_spi.c...
compiling stm32f10x_tim.c...
compiling stm32f10x_usart.c...
compiling stm32f10x_wwdg.c...
compiling core_cm3.c...
assembling startup_stm32f10x_hd.s...
compiling main.c...
compiling stm32f10x_it.c...
compiling system_stm32f10x.c...
compiling Led.c...
compiling Uart.c...
compiling I2C.c...
compiling Delay.c...
compiling FT6336U.c...
compiling Exit.c...
compiling I2C_HW.c...
compiling FT.c...
compiling Uart2.c...
compiling ESP8266_Sta.c...
compiling timer.c...
compiling Lcd.c...
compiling KEY.c...
compiling Adc.c...
compiling gizwits_product.c...
Gizwits\gizwits_product.c(235): warning:  #177-D: variable "value" was declared but never referenced
    uint8_t value = 0;
Gizwits\gizwits_product.c: 1 warning, 0 errors
compiling gizwits_protocol.c...
Gizwits\gizwits_protocol.c(159): warning:  #550-D: variable "lastReportTime" was set but never used
      static uint32_t lastReportTime = 0;
Gizwits\gizwits_protocol.c(160): warning:  #550-D: variable "currentTime" was set but never used
      uint32_t currentTime = 0;
Gizwits\gizwits_protocol.c: 2 warnings, 0 errors
compiling common.c...
compiling dataPointTools.c...
compiling ringbuffer.c...
compiling App.c...
linking...
Program Size: Code=14112 RO-data=6644 RW-data=48 ZI-data=5008  
FromELF: creating hex file...
".\Objects\STM32_mini.axf" - 0 Error(s), 3 Warning(s).

<h2>Collection of Component include folders:</h2>
  D:\SMT32_MiniDevelop\V01_HW_I2C\RTE
  D:\Keil_v5\ARM\PACK\Keil\STM32F1xx_DFP\1.0.5\Device\Include

<h2>Collection of Component Files used:</h2>
</pre>
</body>
</html>
